
> auto-blog@0.1.0 build
> next build

node.exe : ??Warning: Next.js inferred y
our workspace root, but it may not be co
rrect.
위치 줄:1 문자:1
+ & "C:\Program Files\nodejs/node.exe" "
C:\Program Files\nodejs/node_mo ...
+ ~~~~~~~~~~~~~~~~~~~~~~~~~~~~~~~~~~~~~~
~~~~~~~~~~~~~~~~~~~~~~~~~~~~~~~
    + CategoryInfo          : NotSpecifi
ed    : (??Warning: Next...not be correc
t.:S    tring) [], RemoteException
    + FullyQualifiedErrorId : NativeComm
an    dError
 
 We detected multiple lockfiles and sele
cted the directory of C:\Users\tuosm\.ge
mini\antigravity\scratch\package-lock.js
on as the root directory.
 To silence this warning, set `turbopack
.root` in your Next.js config, or consid
er removing one of the lockfiles if it's
 not needed.
   See https://nextjs.org/docs/app/api-r
eference/config/next-config-js/turbopack
#root-directory for more information.
 Detected additional lockfiles: 
   * C:\Users\tuosm\.gemini\antigravity\
scratch\auto-blog\package-lock.json

??Next.js 16.1.6 (Turbopack)
- Environments: .env.local, .env

??The "middleware" file convention is de
precated. Please use "proxy" instead. Le
arn more: https://nextjs.org/docs/messag
es/middleware-to-proxy
  Creating an optimized production build ...
??Compiled successfully in 2.3s
  Running TypeScript ...
Failed to compile.

./auth.ts:24:7
Type error: Type 'unknown' is not assign
able to type 'string | undefined'.

[0m [90m 22 |[39m     [36masync[39m
 session({ session[33m,[39m token }) {
 [90m 23 |[39m       [90m// Send prop
erties to the client, like an access_tok
en from a provider.[39m
[31m[1m>[22m[39m[90m 24 |[39m     
  session[33m.[39maccessToken [33m=[
39m token[33m.[39maccessToken
 [90m    |[39m       [31m[1m^[22m[
39m
 [90m 25 |[39m       [36mreturn[39m 
session
 [90m 26 |[39m     }[33m,[39m
 [90m 27 |[39m   }[33m,[39m[0m
Next.js build worker exited with code: 1
 and signal: null
