
> synapso.dev@0.2.0 dev
> next dev --hostname 127.0.0.1 --port 3000

▲ Next.js 16.1.6 (Turbopack)
- Local:         http://127.0.0.1:3000
- Network:       http://127.0.0.1:3000
- Environments: .env.local

✓ Starting...
✓ Ready in 1362ms
 GET /ko 200 in 1940ms (proxy.ts: 11ms)
 GET /ko 200 in 324ms (compile: 115ms, proxy.ts: 59ms, render: 150ms)
 GET /ko/settings 200 in 931ms (compile: 791ms, proxy.ts: 13ms, render: 127ms)
 GET /api/auth/session 200 in 907ms (compile: 875ms, render: 32ms)
 GET /api/auth/session 200 in 23ms (compile: 14ms, render: 9ms)
 GET /ko 200 in 173ms (compile: 32ms, proxy.ts: 9ms, render: 133ms)
 GET /api/auth/session 200 in 30ms (compile: 19ms, render: 11ms)
 GET /api/auth/session 200 in 17ms (compile: 5ms, render: 11ms)
 GET /api/auth/session 200 in 15ms (compile: 5ms, render: 10ms)
 GET /ko/about 200 in 1683ms (compile: 1472ms, proxy.ts: 10ms, render: 202ms)
 GET /api/auth/session 200 in 34ms (compile: 23ms, render: 11ms)
 GET /api/auth/session 200 in 12ms (compile: 4ms, render: 8ms)
 GET /api/auth/session 200 in 13ms (compile: 4ms, render: 9ms)
[?25h
